// Jest Snapshot v1, https://goo.gl/fbAQLP

exports[`EstablishmentDetailPage matches snapshot 1`] = `
<div>
  <div
    class="layoutStyle"
  >
    <h2
      style="text-align: center; margin-bottom: 5px;"
    >
      Establishment Details
    </h2>
    <div
      style="flex-grow: 1;"
    >
      <h3>
        Test Business
      </h3>
      <p>
        <strong>
          Address:
        </strong>
         
        123 Test Street, Test Area
      </p>
      <p>
        <strong>
          Rating:
        </strong>
         
        5
      </p>
      <p>
        <strong>
          Date of Inspection:
        </strong>
         
        01/01/2023
      </p>
    </div>
    <div
      style="text-align: center;"
    >
      <button
        class="buttonStyle"
      >
        Go back
      </button>
    </div>
  </div>
</div>
`;
