// Jest Snapshot v1, https://goo.gl/fbAQLP

exports[`EstablishmentDetailPage matches snapshot 1`] = `
<div>
  <div
    style="align-items: center; color: white; display: flex; flex-direction: column; height: 100vh;"
  >
    <header
      style="width: 640px; height: 200px; background: transparent url(logo.svg) no-repeat center; background-size: contain; flex-shrink: 0; margin-bottom: 20px;"
    />
    <div
      style="background: rgb(130, 199, 175); border-radius: 0 0 6px 6px; display: flex; flex-direction: column; font-size: 20px; justify-content: space-between; height: 25rem; margin-top: 30px; padding: 20px; width: 30rem;"
    >
      <h2
        style="text-align: center;"
      >
        Establishment Details
      </h2>
      <div
        style="flex-grow: 1;"
      >
        <h3>
          Test Business
        </h3>
        <p>
          <strong>
            Address:
          </strong>
           
          123 Test Street, Test Area
        </p>
        <p>
          <strong>
            Rating:
          </strong>
           
          5
        </p>
        <p>
          <strong>
            Date of Inspection:
          </strong>
           
          01/01/2023
        </p>
      </div>
      <div
        style="text-align: center;"
      >
        <button
          style="background-color: rgb(130, 199, 175); border: 1px solid green; border-radius: 4px; color: white; font-size: 20px; font-weight: bold; padding: 5px; width: 10rem;"
        >
          Go back
        </button>
      </div>
    </div>
  </div>
</div>
`;
