// Jest Snapshot v1, https://goo.gl/fbAQLP

exports[`PaginatedEstablishmentsTable renders the table with updated font size 1`] = `
<div>
  <div
    style="background: rgb(130, 199, 175); color: white; padding: 10px 20px; width: 50rem; height: 29rem;"
  >
    <h2>
      Food Hygiene Ratings
    </h2>
    <table>
      <tbody>
        <tr>
          <th
            style="font-size: 20px; text-align: left; padding-bottom: 10px; padding-right: 30px;"
          >
            Fav
          </th>
          <th
            style="font-size: 20px; text-align: left; padding-bottom: 10px; width: 37.5rem;"
          >
            Business Name
          </th>
          <th
            style="font-size: 20px; text-align: left; padding-bottom: 10px;"
          >
            Rating Value
          </th>
        </tr>
        <tr
          style="font-size: 20px; height: 1.8rem;"
        >
          <td
            style="width: auto;"
          >
            <input
              aria-label="Favourite McDonald's"
              type="checkbox"
            />
          </td>
          <td>
            McDonald's
          </td>
          <td>
            4
          </td>
        </tr>
        <tr
          style="font-size: 20px; height: 1.8rem;"
        >
          <td
            style="width: auto;"
          >
            <input
              aria-label="Favourite Burger King"
              type="checkbox"
            />
          </td>
          <td>
            Burger King
          </td>
          <td>
            4
          </td>
        </tr>
      </tbody>
    </table>
    <nav>
      <button
        disabled=""
        style="margin: 10px 5px;"
        type="button"
      >
        -
      </button>
      1
      <button
        style="margin: 10px 5px;"
        type="button"
      >
        +
      </button>
    </nav>
  </div>
</div>
`;
